The target system is: Android - 1 - x86_64
The host system is: Linux - 6.8.0-45-generic - x86_64
Compiling the C compiler identification source file "CMakeCCompilerId.c" succeeded.
Compiler: /home/danielekwere/Android/Sdk/ndk/29.0.13113456/toolchains/llvm/prebuilt/linux-x86_64/bin/clang 
Build flags: -g;-DANDROID;-fdata-sections;-ffunction-sections;-funwind-tables;-fstack-protector-strong;-no-canonical-prefixes;-D_FORTIFY_SOURCE=2;-Wformat;-Werror=format-security;
Id flags: -c;--target=x86_64-none-linux-android21 

The output was:
0


Compilation of the C compiler identification source "CMakeCCompilerId.c" produced "CMakeCCompilerId.o"

The C compiler identification is Clang, found in "/home/danielekwere/Desktop/flutter projects/jaraMarket/JARA-Market-Vendor/Vendor-Dashboard/android/app/.cxx/Debug/2u1b6o6v/x86_64/CMakeFiles/3.22.1-g37088a8/CompilerIdC/CMakeCCompilerId.o"

Compiling the CXX compiler identification source file "CMakeCXXCompilerId.cpp" succeeded.
Compiler: /home/danielekwere/Android/Sdk/ndk/29.0.13113456/toolchains/llvm/prebuilt/linux-x86_64/bin/clang++ 
Build flags: -g;-DANDROID;-fdata-sections;-ffunction-sections;-funwind-tables;-fstack-protector-strong;-no-canonical-prefixes;-D_FORTIFY_SOURCE=2;-Wformat;-Werror=format-security;;
Id flags: -c;--target=x86_64-none-linux-android21 

The output was:
0


Compilation of the CXX compiler identification source "CMakeCXXCompilerId.cpp" produced "CMakeCXXCompilerId.o"

The CXX compiler identification is Clang, found in "/home/danielekwere/Desktop/flutter projects/jaraMarket/JARA-Market-Vendor/Vendor-Dashboard/android/app/.cxx/Debug/2u1b6o6v/x86_64/CMakeFiles/3.22.1-g37088a8/CompilerIdCXX/CMakeCXXCompilerId.o"

Detecting C compiler ABI info compiled with the following output:
Change Dir: /home/danielekwere/Desktop/flutter projects/jaraMarket/JARA-Market-Vendor/Vendor-Dashboard/android/app/.cxx/Debug/2u1b6o6v/x86_64/CMakeFiles/CMakeTmp

Run Build Command(s):/home/danielekwere/Android/Sdk/cmake/3.22.1/bin/ninja cmTC_d2642 && [1/2] Building C object CMakeFiles/cmTC_d2642.dir/CMakeCCompilerABI.c.o
Android (13065274, +pgo, +bolt, +lto, +mlgo, based on r547379) clang version 20.0.0 (https://android.googlesource.com/toolchain/llvm-project b718bcaf8c198c82f3021447d943401e3ab5bd54)
Target: x86_64-none-linux-android21
Thread model: posix
InstalledDir: /home/danielekwere/Android/Sdk/ndk/29.0.13113456/toolchains/llvm/prebuilt/linux-x86_64/bin
 (in-process)
 "/home/danielekwere/Android/Sdk/ndk/29.0.13113456/toolchains/llvm/prebuilt/linux-x86_64/bin/clang" -cc1 -triple x86_64-none-linux-android21 -emit-obj -disable-free -clear-ast-before-backend -disable-llvm-verifier -discard-value-names -main-file-name CMakeCCompilerABI.c -mrelocation-model pic -pic-level 2 -pic-is-pie -mframe-pointer=non-leaf -ffp-contract=on -fno-rounding-math -mconstructor-aliases -funwind-tables=2 -target-cpu x86-64 -target-feature +sse4.2 -target-feature +popcnt -target-feature +cx16 -tune-cpu generic -debug-info-kind=constructor -dwarf-version=4 -debugger-tuning=gdb "-fdebug-compilation-dir=/home/danielekwere/Desktop/flutter projects/jaraMarket/JARA-Market-Vendor/Vendor-Dashboard/android/app/.cxx/Debug/2u1b6o6v/x86_64/CMakeFiles/CMakeTmp" -v -ffunction-sections -fdata-sections "-fcoverage-compilation-dir=/home/danielekwere/Desktop/flutter projects/jaraMarket/JARA-Market-Vendor/Vendor-Dashboard/android/app/.cxx/Debug/2u1b6o6v/x86_64/CMakeFiles/CMakeTmp" -resource-dir /home/danielekwere/Android/Sdk/ndk/29.0.13113456/toolchains/llvm/prebuilt/linux-x86_64/lib/clang/20 -dependency-file CMakeFiles/cmTC_d2642.dir/CMakeCCompilerABI.c.o.d -MT CMakeFiles/cmTC_d2642.dir/CMakeCCompilerABI.c.o -sys-header-deps -D ANDROID -D _FORTIFY_SOURCE=2 -isysroot /home/danielekwere/Android/Sdk/ndk/29.0.13113456/toolchains/llvm/prebuilt/linux-x86_64/sysroot -cxx-isystem /snap/flutter/current/usr/include/x86_64-linux-gnu/c++/9 -cxx-isystem /snap/flutter/current/usr/include/c++/9 -cxx-isystem /snap/flutter/current/usr/include -cxx-isystem /snap/flutter/current/usr/include/x86_64-linux-gnu -cxx-isystem /snap/flutter/current/usr/include/c++/9 -internal-isystem /home/danielekwere/Android/Sdk/ndk/29.0.13113456/toolchains/llvm/prebuilt/linux-x86_64/lib/clang/20/include -internal-isystem /home/danielekwere/Android/Sdk/ndk/29.0.13113456/toolchains/llvm/prebuilt/linux-x86_64/sysroot/usr/local/include -internal-externc-isystem /home/danielekwere/Android/Sdk/ndk/29.0.13113456/toolchains/llvm/prebuilt/linux-x86_64/sysroot/usr/include/x86_64-linux-android -internal-externc-isystem /home/danielekwere/Android/Sdk/ndk/29.0.13113456/toolchains/llvm/prebuilt/linux-x86_64/sysroot/include -internal-externc-isystem /home/danielekwere/Android/Sdk/ndk/29.0.13113456/toolchains/llvm/prebuilt/linux-x86_64/sysroot/usr/include -Wformat -ferror-limit 19 -femulated-tls -stack-protector 2 -fgnuc-version=4.2.1 -fskip-odr-check-in-gmf -D__GCC_HAVE_DWARF2_CFI_ASM=1 -o CMakeFiles/cmTC_d2642.dir/CMakeCCompilerABI.c.o -x c /home/danielekwere/Android/Sdk/cmake/3.22.1/share/cmake-3.22/Modules/CMakeCCompilerABI.c
clang -cc1 version 20.0.0 based upon LLVM 20.0.0 default target x86_64-unknown-linux-gnu
ignoring nonexistent directory "/home/danielekwere/Android/Sdk/ndk/29.0.13113456/toolchains/llvm/prebuilt/linux-x86_64/sysroot/usr/local/include"
ignoring nonexistent directory "/home/danielekwere/Android/Sdk/ndk/29.0.13113456/toolchains/llvm/prebuilt/linux-x86_64/sysroot/include"
#include "..." search starts here:
#include <...> search starts here:
 /home/danielekwere/Android/Sdk/ndk/29.0.13113456/toolchains/llvm/prebuilt/linux-x86_64/lib/clang/20/include
 /home/danielekwere/Android/Sdk/ndk/29.0.13113456/toolchains/llvm/prebuilt/linux-x86_64/sysroot/usr/include/x86_64-linux-android
 /home/danielekwere/Android/Sdk/ndk/29.0.13113456/toolchains/llvm/prebuilt/linux-x86_64/sysroot/usr/include
End of search list.
[2/2] Linking C executable cmTC_d2642
Android (13065274, +pgo, +bolt, +lto, +mlgo, based on r547379) clang version 20.0.0 (https://android.googlesource.com/toolchain/llvm-project b718bcaf8c198c82f3021447d943401e3ab5bd54)
Target: x86_64-none-linux-android21
Thread model: posix
InstalledDir: /home/danielekwere/Android/Sdk/ndk/29.0.13113456/toolchains/llvm/prebuilt/linux-x86_64/bin
 "/home/danielekwere/Android/Sdk/ndk/29.0.13113456/toolchains/llvm/prebuilt/linux-x86_64/bin/ld.lld" --sysroot=/home/danielekwere/Android/Sdk/ndk/29.0.13113456/toolchains/llvm/prebuilt/linux-x86_64/sysroot -z now -z relro -z max-page-size=16384 --hash-style=both --eh-frame-hdr -m elf_x86_64 -pie -dynamic-linker /system/bin/linker64 -o cmTC_d2642 /home/danielekwere/Android/Sdk/ndk/29.0.13113456/toolchains/llvm/prebuilt/linux-x86_64/sysroot/usr/lib/x86_64-linux-android/21/crtbegin_dynamic.o -L/home/danielekwere/Android/Sdk/ndk/29.0.13113456/toolchains/llvm/prebuilt/linux-x86_64/lib/clang/20/lib/linux/x86_64 -L/home/danielekwere/Android/Sdk/ndk/29.0.13113456/toolchains/llvm/prebuilt/linux-x86_64/sysroot/usr/lib/x86_64-linux-android/21 -L/home/danielekwere/Android/Sdk/ndk/29.0.13113456/toolchains/llvm/prebuilt/linux-x86_64/sysroot/usr/lib/x86_64-linux-android -L/home/danielekwere/Android/Sdk/ndk/29.0.13113456/toolchains/llvm/prebuilt/linux-x86_64/sysroot/usr/lib -L/snap/flutter/current/usr/lib/gcc/x86_64-linux-gnu/9 -L/snap/flutter/current/usr/lib/x86_64-linux-gnu -L/snap/flutter/current/lib/x86_64-linux-gnu -L/snap/flutter/current/usr/lib --build-id=sha1 --no-rosegment --no-undefined-version --fatal-warnings --no-undefined CMakeFiles/cmTC_d2642.dir/CMakeCCompilerABI.c.o /home/danielekwere/Android/Sdk/ndk/29.0.13113456/toolchains/llvm/prebuilt/linux-x86_64/lib/clang/20/lib/linux/libclang_rt.builtins-x86_64-android.a -l:libunwind.a -ldl -lc /home/danielekwere/Android/Sdk/ndk/29.0.13113456/toolchains/llvm/prebuilt/linux-x86_64/lib/clang/20/lib/linux/libclang_rt.builtins-x86_64-android.a -l:libunwind.a -ldl /home/danielekwere/Android/Sdk/ndk/29.0.13113456/toolchains/llvm/prebuilt/linux-x86_64/sysroot/usr/lib/x86_64-linux-android/21/crtend_android.o



Parsed C implicit include dir info from above output: rv=done
  found start of include info
  found start of implicit include info
    add: [/home/danielekwere/Android/Sdk/ndk/29.0.13113456/toolchains/llvm/prebuilt/linux-x86_64/lib/clang/20/include]
    add: [/home/danielekwere/Android/Sdk/ndk/29.0.13113456/toolchains/llvm/prebuilt/linux-x86_64/sysroot/usr/include/x86_64-linux-android]
    add: [/home/danielekwere/Android/Sdk/ndk/29.0.13113456/toolchains/llvm/prebuilt/linux-x86_64/sysroot/usr/include]
  end of search list found
  collapse include dir [/home/danielekwere/Android/Sdk/ndk/29.0.13113456/toolchains/llvm/prebuilt/linux-x86_64/lib/clang/20/include] ==> [/home/danielekwere/Android/Sdk/ndk/29.0.13113456/toolchains/llvm/prebuilt/linux-x86_64/lib/clang/20/include]
  collapse include dir [/home/danielekwere/Android/Sdk/ndk/29.0.13113456/toolchains/llvm/prebuilt/linux-x86_64/sysroot/usr/include/x86_64-linux-android] ==> [/home/danielekwere/Android/Sdk/ndk/29.0.13113456/toolchains/llvm/prebuilt/linux-x86_64/sysroot/usr/include/x86_64-linux-android]
  collapse include dir [/home/danielekwere/Android/Sdk/ndk/29.0.13113456/toolchains/llvm/prebuilt/linux-x86_64/sysroot/usr/include] ==> [/home/danielekwere/Android/Sdk/ndk/29.0.13113456/toolchains/llvm/prebuilt/linux-x86_64/sysroot/usr/include]
  implicit include dirs: [/home/danielekwere/Android/Sdk/ndk/29.0.13113456/toolchains/llvm/prebuilt/linux-x86_64/lib/clang/20/include;/home/danielekwere/Android/Sdk/ndk/29.0.13113456/toolchains/llvm/prebuilt/linux-x86_64/sysroot/usr/include/x86_64-linux-android;/home/danielekwere/Android/Sdk/ndk/29.0.13113456/toolchains/llvm/prebuilt/linux-x86_64/sysroot/usr/include]


Parsed C implicit link information from above output:
  link line regex: [^( *|.*[/\])(ld\.lld|CMAKE_LINK_STARTFILE-NOTFOUND|([^/\]+-)?ld|collect2)[^/\]*( |$)]
  ignore line: [Change Dir: /home/danielekwere/Desktop/flutter projects/jaraMarket/JARA-Market-Vendor/Vendor-Dashboard/android/app/.cxx/Debug/2u1b6o6v/x86_64/CMakeFiles/CMakeTmp]
  ignore line: []
  ignore line: [Run Build Command(s):/home/danielekwere/Android/Sdk/cmake/3.22.1/bin/ninja cmTC_d2642 && [1/2] Building C object CMakeFiles/cmTC_d2642.dir/CMakeCCompilerABI.c.o]
  ignore line: [Android (13065274  +pgo  +bolt  +lto  +mlgo  based on r547379) clang version 20.0.0 (https://android.googlesource.com/toolchain/llvm-project b718bcaf8c198c82f3021447d943401e3ab5bd54)]
  ignore line: [Target: x86_64-none-linux-android21]
  ignore line: [Thread model: posix]
  ignore line: [InstalledDir: /home/danielekwere/Android/Sdk/ndk/29.0.13113456/toolchains/llvm/prebuilt/linux-x86_64/bin]
  ignore line: [ (in-process)]
  ignore line: [ "/home/danielekwere/Android/Sdk/ndk/29.0.13113456/toolchains/llvm/prebuilt/linux-x86_64/bin/clang" -cc1 -triple x86_64-none-linux-android21 -emit-obj -disable-free -clear-ast-before-backend -disable-llvm-verifier -discard-value-names -main-file-name CMakeCCompilerABI.c -mrelocation-model pic -pic-level 2 -pic-is-pie -mframe-pointer=non-leaf -ffp-contract=on -fno-rounding-math -mconstructor-aliases -funwind-tables=2 -target-cpu x86-64 -target-feature +sse4.2 -target-feature +popcnt -target-feature +cx16 -tune-cpu generic -debug-info-kind=constructor -dwarf-version=4 -debugger-tuning=gdb "-fdebug-compilation-dir=/home/danielekwere/Desktop/flutter projects/jaraMarket/JARA-Market-Vendor/Vendor-Dashboard/android/app/.cxx/Debug/2u1b6o6v/x86_64/CMakeFiles/CMakeTmp" -v -ffunction-sections -fdata-sections "-fcoverage-compilation-dir=/home/danielekwere/Desktop/flutter projects/jaraMarket/JARA-Market-Vendor/Vendor-Dashboard/android/app/.cxx/Debug/2u1b6o6v/x86_64/CMakeFiles/CMakeTmp" -resource-dir /home/danielekwere/Android/Sdk/ndk/29.0.13113456/toolchains/llvm/prebuilt/linux-x86_64/lib/clang/20 -dependency-file CMakeFiles/cmTC_d2642.dir/CMakeCCompilerABI.c.o.d -MT CMakeFiles/cmTC_d2642.dir/CMakeCCompilerABI.c.o -sys-header-deps -D ANDROID -D _FORTIFY_SOURCE=2 -isysroot /home/danielekwere/Android/Sdk/ndk/29.0.13113456/toolchains/llvm/prebuilt/linux-x86_64/sysroot -cxx-isystem /snap/flutter/current/usr/include/x86_64-linux-gnu/c++/9 -cxx-isystem /snap/flutter/current/usr/include/c++/9 -cxx-isystem /snap/flutter/current/usr/include -cxx-isystem /snap/flutter/current/usr/include/x86_64-linux-gnu -cxx-isystem /snap/flutter/current/usr/include/c++/9 -internal-isystem /home/danielekwere/Android/Sdk/ndk/29.0.13113456/toolchains/llvm/prebuilt/linux-x86_64/lib/clang/20/include -internal-isystem /home/danielekwere/Android/Sdk/ndk/29.0.13113456/toolchains/llvm/prebuilt/linux-x86_64/sysroot/usr/local/include -internal-externc-isystem /home/danielekwere/Android/Sdk/ndk/29.0.13113456/toolchains/llvm/prebuilt/linux-x86_64/sysroot/usr/include/x86_64-linux-android -internal-externc-isystem /home/danielekwere/Android/Sdk/ndk/29.0.13113456/toolchains/llvm/prebuilt/linux-x86_64/sysroot/include -internal-externc-isystem /home/danielekwere/Android/Sdk/ndk/29.0.13113456/toolchains/llvm/prebuilt/linux-x86_64/sysroot/usr/include -Wformat -ferror-limit 19 -femulated-tls -stack-protector 2 -fgnuc-version=4.2.1 -fskip-odr-check-in-gmf -D__GCC_HAVE_DWARF2_CFI_ASM=1 -o CMakeFiles/cmTC_d2642.dir/CMakeCCompilerABI.c.o -x c /home/danielekwere/Android/Sdk/cmake/3.22.1/share/cmake-3.22/Modules/CMakeCCompilerABI.c]
  ignore line: [clang -cc1 version 20.0.0 based upon LLVM 20.0.0 default target x86_64-unknown-linux-gnu]
  ignore line: [ignoring nonexistent directory "/home/danielekwere/Android/Sdk/ndk/29.0.13113456/toolchains/llvm/prebuilt/linux-x86_64/sysroot/usr/local/include"]
  ignore line: [ignoring nonexistent directory "/home/danielekwere/Android/Sdk/ndk/29.0.13113456/toolchains/llvm/prebuilt/linux-x86_64/sysroot/include"]
  ignore line: [#include "..." search starts here:]
  ignore line: [#include <...> search starts here:]
  ignore line: [ /home/danielekwere/Android/Sdk/ndk/29.0.13113456/toolchains/llvm/prebuilt/linux-x86_64/lib/clang/20/include]
  ignore line: [ /home/danielekwere/Android/Sdk/ndk/29.0.13113456/toolchains/llvm/prebuilt/linux-x86_64/sysroot/usr/include/x86_64-linux-android]
  ignore line: [ /home/danielekwere/Android/Sdk/ndk/29.0.13113456/toolchains/llvm/prebuilt/linux-x86_64/sysroot/usr/include]
  ignore line: [End of search list.]
  ignore line: [[2/2] Linking C executable cmTC_d2642]
  ignore line: [Android (13065274  +pgo  +bolt  +lto  +mlgo  based on r547379) clang version 20.0.0 (https://android.googlesource.com/toolchain/llvm-project b718bcaf8c198c82f3021447d943401e3ab5bd54)]
  ignore line: [Target: x86_64-none-linux-android21]
  ignore line: [Thread model: posix]
  ignore line: [InstalledDir: /home/danielekwere/Android/Sdk/ndk/29.0.13113456/toolchains/llvm/prebuilt/linux-x86_64/bin]
  link line: [ "/home/danielekwere/Android/Sdk/ndk/29.0.13113456/toolchains/llvm/prebuilt/linux-x86_64/bin/ld.lld" --sysroot=/home/danielekwere/Android/Sdk/ndk/29.0.13113456/toolchains/llvm/prebuilt/linux-x86_64/sysroot -z now -z relro -z max-page-size=16384 --hash-style=both --eh-frame-hdr -m elf_x86_64 -pie -dynamic-linker /system/bin/linker64 -o cmTC_d2642 /home/danielekwere/Android/Sdk/ndk/29.0.13113456/toolchains/llvm/prebuilt/linux-x86_64/sysroot/usr/lib/x86_64-linux-android/21/crtbegin_dynamic.o -L/home/danielekwere/Android/Sdk/ndk/29.0.13113456/toolchains/llvm/prebuilt/linux-x86_64/lib/clang/20/lib/linux/x86_64 -L/home/danielekwere/Android/Sdk/ndk/29.0.13113456/toolchains/llvm/prebuilt/linux-x86_64/sysroot/usr/lib/x86_64-linux-android/21 -L/home/danielekwere/Android/Sdk/ndk/29.0.13113456/toolchains/llvm/prebuilt/linux-x86_64/sysroot/usr/lib/x86_64-linux-android -L/home/danielekwere/Android/Sdk/ndk/29.0.13113456/toolchains/llvm/prebuilt/linux-x86_64/sysroot/usr/lib -L/snap/flutter/current/usr/lib/gcc/x86_64-linux-gnu/9 -L/snap/flutter/current/usr/lib/x86_64-linux-gnu -L/snap/flutter/current/lib/x86_64-linux-gnu -L/snap/flutter/current/usr/lib --build-id=sha1 --no-rosegment --no-undefined-version --fatal-warnings --no-undefined CMakeFiles/cmTC_d2642.dir/CMakeCCompilerABI.c.o /home/danielekwere/Android/Sdk/ndk/29.0.13113456/toolchains/llvm/prebuilt/linux-x86_64/lib/clang/20/lib/linux/libclang_rt.builtins-x86_64-android.a -l:libunwind.a -ldl -lc /home/danielekwere/Android/Sdk/ndk/29.0.13113456/toolchains/llvm/prebuilt/linux-x86_64/lib/clang/20/lib/linux/libclang_rt.builtins-x86_64-android.a -l:libunwind.a -ldl /home/danielekwere/Android/Sdk/ndk/29.0.13113456/toolchains/llvm/prebuilt/linux-x86_64/sysroot/usr/lib/x86_64-linux-android/21/crtend_android.o]
    arg [/home/danielekwere/Android/Sdk/ndk/29.0.13113456/toolchains/llvm/prebuilt/linux-x86_64/bin/ld.lld] ==> ignore
    arg [--sysroot=/home/danielekwere/Android/Sdk/ndk/29.0.13113456/toolchains/llvm/prebuilt/linux-x86_64/sysroot] ==> ignore
    arg [-znow] ==> ignore
    arg [-zrelro] ==> ignore
    arg [-zmax-page-size=16384] ==> ignore
    arg [--hash-style=both] ==> ignore
    arg [--eh-frame-hdr] ==> ignore
    arg [-m] ==> ignore
    arg [elf_x86_64] ==> ignore
    arg [-pie] ==> ignore
    arg [-dynamic-linker] ==> ignore
    arg [/system/bin/linker64] ==> ignore
    arg [-o] ==> ignore
    arg [cmTC_d2642] ==> ignore
    arg [/home/danielekwere/Android/Sdk/ndk/29.0.13113456/toolchains/llvm/prebuilt/linux-x86_64/sysroot/usr/lib/x86_64-linux-android/21/crtbegin_dynamic.o] ==> obj [/home/danielekwere/Android/Sdk/ndk/29.0.13113456/toolchains/llvm/prebuilt/linux-x86_64/sysroot/usr/lib/x86_64-linux-android/21/crtbegin_dynamic.o]
    arg [-L/home/danielekwere/Android/Sdk/ndk/29.0.13113456/toolchains/llvm/prebuilt/linux-x86_64/lib/clang/20/lib/linux/x86_64] ==> dir [/home/danielekwere/Android/Sdk/ndk/29.0.13113456/toolchains/llvm/prebuilt/linux-x86_64/lib/clang/20/lib/linux/x86_64]
    arg [-L/home/danielekwere/Android/Sdk/ndk/29.0.13113456/toolchains/llvm/prebuilt/linux-x86_64/sysroot/usr/lib/x86_64-linux-android/21] ==> dir [/home/danielekwere/Android/Sdk/ndk/29.0.13113456/toolchains/llvm/prebuilt/linux-x86_64/sysroot/usr/lib/x86_64-linux-android/21]
    arg [-L/home/danielekwere/Android/Sdk/ndk/29.0.13113456/toolchains/llvm/prebuilt/linux-x86_64/sysroot/usr/lib/x86_64-linux-android] ==> dir [/home/danielekwere/Android/Sdk/ndk/29.0.13113456/toolchains/llvm/prebuilt/linux-x86_64/sysroot/usr/lib/x86_64-linux-android]
    arg [-L/home/danielekwere/Android/Sdk/ndk/29.0.13113456/toolchains/llvm/prebuilt/linux-x86_64/sysroot/usr/lib] ==> dir [/home/danielekwere/Android/Sdk/ndk/29.0.13113456/toolchains/llvm/prebuilt/linux-x86_64/sysroot/usr/lib]
    arg [-L/snap/flutter/current/usr/lib/gcc/x86_64-linux-gnu/9] ==> dir [/snap/flutter/current/usr/lib/gcc/x86_64-linux-gnu/9]
    arg [-L/snap/flutter/current/usr/lib/x86_64-linux-gnu] ==> dir [/snap/flutter/current/usr/lib/x86_64-linux-gnu]
    arg [-L/snap/flutter/current/lib/x86_64-linux-gnu] ==> dir [/snap/flutter/current/lib/x86_64-linux-gnu]
    arg [-L/snap/flutter/current/usr/lib] ==> dir [/snap/flutter/current/usr/lib]
    arg [--build-id=sha1] ==> ignore
    arg [--no-rosegment] ==> ignore
    arg [--no-undefined-version] ==> ignore
    arg [--fatal-warnings] ==> ignore
    arg [--no-undefined] ==> ignore
    arg [CMakeFiles/cmTC_d2642.dir/CMakeCCompilerABI.c.o] ==> ignore
    arg [/home/danielekwere/Android/Sdk/ndk/29.0.13113456/toolchains/llvm/prebuilt/linux-x86_64/lib/clang/20/lib/linux/libclang_rt.builtins-x86_64-android.a] ==> lib [/home/danielekwere/Android/Sdk/ndk/29.0.13113456/toolchains/llvm/prebuilt/linux-x86_64/lib/clang/20/lib/linux/libclang_rt.builtins-x86_64-android.a]
    arg [-l:libunwind.a] ==> lib [-l:libunwind.a]
    arg [-ldl] ==> lib [dl]
    arg [-lc] ==> lib [c]
    arg [/home/danielekwere/Android/Sdk/ndk/29.0.13113456/toolchains/llvm/prebuilt/linux-x86_64/lib/clang/20/lib/linux/libclang_rt.builtins-x86_64-android.a] ==> lib [/home/danielekwere/Android/Sdk/ndk/29.0.13113456/toolchains/llvm/prebuilt/linux-x86_64/lib/clang/20/lib/linux/libclang_rt.builtins-x86_64-android.a]
    arg [-l:libunwind.a] ==> lib [-l:libunwind.a]
    arg [-ldl] ==> lib [dl]
    arg [/home/danielekwere/Android/Sdk/ndk/29.0.13113456/toolchains/llvm/prebuilt/linux-x86_64/sysroot/usr/lib/x86_64-linux-android/21/crtend_android.o] ==> obj [/home/danielekwere/Android/Sdk/ndk/29.0.13113456/toolchains/llvm/prebuilt/linux-x86_64/sysroot/usr/lib/x86_64-linux-android/21/crtend_android.o]
  remove lib [/home/danielekwere/Android/Sdk/ndk/29.0.13113456/toolchains/llvm/prebuilt/linux-x86_64/lib/clang/20/lib/linux/libclang_rt.builtins-x86_64-android.a]
  remove lib [/home/danielekwere/Android/Sdk/ndk/29.0.13113456/toolchains/llvm/prebuilt/linux-x86_64/lib/clang/20/lib/linux/libclang_rt.builtins-x86_64-android.a]
  collapse library dir [/home/danielekwere/Android/Sdk/ndk/29.0.13113456/toolchains/llvm/prebuilt/linux-x86_64/lib/clang/20/lib/linux/x86_64] ==> [/home/danielekwere/Android/Sdk/ndk/29.0.13113456/toolchains/llvm/prebuilt/linux-x86_64/lib/clang/20/lib/linux/x86_64]
  collapse library dir [/home/danielekwere/Android/Sdk/ndk/29.0.13113456/toolchains/llvm/prebuilt/linux-x86_64/sysroot/usr/lib/x86_64-linux-android/21] ==> [/home/danielekwere/Android/Sdk/ndk/29.0.13113456/toolchains/llvm/prebuilt/linux-x86_64/sysroot/usr/lib/x86_64-linux-android/21]
  collapse library dir [/home/danielekwere/Android/Sdk/ndk/29.0.13113456/toolchains/llvm/prebuilt/linux-x86_64/sysroot/usr/lib/x86_64-linux-android] ==> [/home/danielekwere/Android/Sdk/ndk/29.0.13113456/toolchains/llvm/prebuilt/linux-x86_64/sysroot/usr/lib/x86_64-linux-android]
  collapse library dir [/home/danielekwere/Android/Sdk/ndk/29.0.13113456/toolchains/llvm/prebuilt/linux-x86_64/sysroot/usr/lib] ==> [/home/danielekwere/Android/Sdk/ndk/29.0.13113456/toolchains/llvm/prebuilt/linux-x86_64/sysroot/usr/lib]
  collapse library dir [/snap/flutter/current/usr/lib/gcc/x86_64-linux-gnu/9] ==> [/snap/flutter/current/usr/lib/gcc/x86_64-linux-gnu/9]
  collapse library dir [/snap/flutter/current/usr/lib/x86_64-linux-gnu] ==> [/snap/flutter/current/usr/lib/x86_64-linux-gnu]
  collapse library dir [/snap/flutter/current/lib/x86_64-linux-gnu] ==> [/snap/flutter/current/lib/x86_64-linux-gnu]
  collapse library dir [/snap/flutter/current/usr/lib] ==> [/snap/flutter/current/usr/lib]
  implicit libs: [-l:libunwind.a;dl;c;-l:libunwind.a;dl]
  implicit objs: [/home/danielekwere/Android/Sdk/ndk/29.0.13113456/toolchains/llvm/prebuilt/linux-x86_64/sysroot/usr/lib/x86_64-linux-android/21/crtbegin_dynamic.o;/home/danielekwere/Android/Sdk/ndk/29.0.13113456/toolchains/llvm/prebuilt/linux-x86_64/sysroot/usr/lib/x86_64-linux-android/21/crtend_android.o]
  implicit dirs: [/home/danielekwere/Android/Sdk/ndk/29.0.13113456/toolchains/llvm/prebuilt/linux-x86_64/lib/clang/20/lib/linux/x86_64;/home/danielekwere/Android/Sdk/ndk/29.0.13113456/toolchains/llvm/prebuilt/linux-x86_64/sysroot/usr/lib/x86_64-linux-android/21;/home/danielekwere/Android/Sdk/ndk/29.0.13113456/toolchains/llvm/prebuilt/linux-x86_64/sysroot/usr/lib/x86_64-linux-android;/home/danielekwere/Android/Sdk/ndk/29.0.13113456/toolchains/llvm/prebuilt/linux-x86_64/sysroot/usr/lib;/snap/flutter/current/usr/lib/gcc/x86_64-linux-gnu/9;/snap/flutter/current/usr/lib/x86_64-linux-gnu;/snap/flutter/current/lib/x86_64-linux-gnu;/snap/flutter/current/usr/lib]
  implicit fwks: []


Detecting CXX compiler ABI info compiled with the following output:
Change Dir: /home/danielekwere/Desktop/flutter projects/jaraMarket/JARA-Market-Vendor/Vendor-Dashboard/android/app/.cxx/Debug/2u1b6o6v/x86_64/CMakeFiles/CMakeTmp

Run Build Command(s):/home/danielekwere/Android/Sdk/cmake/3.22.1/bin/ninja cmTC_86576 && [1/2] Building CXX object CMakeFiles/cmTC_86576.dir/CMakeCXXCompilerABI.cpp.o
Android (13065274, +pgo, +bolt, +lto, +mlgo, based on r547379) clang version 20.0.0 (https://android.googlesource.com/toolchain/llvm-project b718bcaf8c198c82f3021447d943401e3ab5bd54)
Target: x86_64-none-linux-android21
Thread model: posix
InstalledDir: /home/danielekwere/Android/Sdk/ndk/29.0.13113456/toolchains/llvm/prebuilt/linux-x86_64/bin
 (in-process)
 "/home/danielekwere/Android/Sdk/ndk/29.0.13113456/toolchains/llvm/prebuilt/linux-x86_64/bin/clang++" -cc1 -triple x86_64-none-linux-android21 -emit-obj -disable-free -clear-ast-before-backend -disable-llvm-verifier -discard-value-names -main-file-name CMakeCXXCompilerABI.cpp -mrelocation-model pic -pic-level 2 -pic-is-pie -mframe-pointer=non-leaf -ffp-contract=on -fno-rounding-math -mconstructor-aliases -funwind-tables=2 -target-cpu x86-64 -target-feature +sse4.2 -target-feature +popcnt -target-feature +cx16 -tune-cpu generic -debug-info-kind=constructor -dwarf-version=4 -debugger-tuning=gdb "-fdebug-compilation-dir=/home/danielekwere/Desktop/flutter projects/jaraMarket/JARA-Market-Vendor/Vendor-Dashboard/android/app/.cxx/Debug/2u1b6o6v/x86_64/CMakeFiles/CMakeTmp" -v -ffunction-sections -fdata-sections "-fcoverage-compilation-dir=/home/danielekwere/Desktop/flutter projects/jaraMarket/JARA-Market-Vendor/Vendor-Dashboard/android/app/.cxx/Debug/2u1b6o6v/x86_64/CMakeFiles/CMakeTmp" -resource-dir /home/danielekwere/Android/Sdk/ndk/29.0.13113456/toolchains/llvm/prebuilt/linux-x86_64/lib/clang/20 -dependency-file CMakeFiles/cmTC_86576.dir/CMakeCXXCompilerABI.cpp.o.d -MT CMakeFiles/cmTC_86576.dir/CMakeCXXCompilerABI.cpp.o -sys-header-deps -D ANDROID -D _FORTIFY_SOURCE=2 -isysroot /home/danielekwere/Android/Sdk/ndk/29.0.13113456/toolchains/llvm/prebuilt/linux-x86_64/sysroot -cxx-isystem /snap/flutter/current/usr/include/x86_64-linux-gnu/c++/9 -cxx-isystem /snap/flutter/current/usr/include/c++/9 -cxx-isystem /snap/flutter/current/usr/include -cxx-isystem /snap/flutter/current/usr/include/x86_64-linux-gnu -cxx-isystem /snap/flutter/current/usr/include/c++/9 -internal-isystem /home/danielekwere/Android/Sdk/ndk/29.0.13113456/toolchains/llvm/prebuilt/linux-x86_64/sysroot/usr/include/c++/v1 -internal-isystem /home/danielekwere/Android/Sdk/ndk/29.0.13113456/toolchains/llvm/prebuilt/linux-x86_64/lib/clang/20/include -internal-isystem /home/danielekwere/Android/Sdk/ndk/29.0.13113456/toolchains/llvm/prebuilt/linux-x86_64/sysroot/usr/local/include -internal-externc-isystem /home/danielekwere/Android/Sdk/ndk/29.0.13113456/toolchains/llvm/prebuilt/linux-x86_64/sysroot/usr/include/x86_64-linux-android -internal-externc-isystem /home/danielekwere/Android/Sdk/ndk/29.0.13113456/toolchains/llvm/prebuilt/linux-x86_64/sysroot/include -internal-externc-isystem /home/danielekwere/Android/Sdk/ndk/29.0.13113456/toolchains/llvm/prebuilt/linux-x86_64/sysroot/usr/include -Wformat -fdeprecated-macro -ferror-limit 19 -femulated-tls -stack-protector 2 -fgnuc-version=4.2.1 -fskip-odr-check-in-gmf -fcxx-exceptions -fexceptions -D__GCC_HAVE_DWARF2_CFI_ASM=1 -o CMakeFiles/cmTC_86576.dir/CMakeCXXCompilerABI.cpp.o -x c++ /home/danielekwere/Android/Sdk/cmake/3.22.1/share/cmake-3.22/Modules/CMakeCXXCompilerABI.cpp
clang -cc1 version 20.0.0 based upon LLVM 20.0.0 default target x86_64-unknown-linux-gnu
ignoring nonexistent directory "/home/danielekwere/Android/Sdk/ndk/29.0.13113456/toolchains/llvm/prebuilt/linux-x86_64/sysroot/usr/local/include"
ignoring nonexistent directory "/home/danielekwere/Android/Sdk/ndk/29.0.13113456/toolchains/llvm/prebuilt/linux-x86_64/sysroot/include"
ignoring duplicate directory "/snap/flutter/current/usr/include/c++/9"
#include "..." search starts here:
#include <...> search starts here:
 /snap/flutter/current/usr/include/x86_64-linux-gnu/c++/9
 /snap/flutter/current/usr/include/c++/9
 /snap/flutter/current/usr/include
 /snap/flutter/current/usr/include/x86_64-linux-gnu
 /home/danielekwere/Android/Sdk/ndk/29.0.13113456/toolchains/llvm/prebuilt/linux-x86_64/sysroot/usr/include/c++/v1
 /home/danielekwere/Android/Sdk/ndk/29.0.13113456/toolchains/llvm/prebuilt/linux-x86_64/lib/clang/20/include
 /home/danielekwere/Android/Sdk/ndk/29.0.13113456/toolchains/llvm/prebuilt/linux-x86_64/sysroot/usr/include/x86_64-linux-android
 /home/danielekwere/Android/Sdk/ndk/29.0.13113456/toolchains/llvm/prebuilt/linux-x86_64/sysroot/usr/include
End of search list.
[2/2] Linking CXX executable cmTC_86576
Android (13065274, +pgo, +bolt, +lto, +mlgo, based on r547379) clang version 20.0.0 (https://android.googlesource.com/toolchain/llvm-project b718bcaf8c198c82f3021447d943401e3ab5bd54)
Target: x86_64-none-linux-android21
Thread model: posix
InstalledDir: /home/danielekwere/Android/Sdk/ndk/29.0.13113456/toolchains/llvm/prebuilt/linux-x86_64/bin
 "/home/danielekwere/Android/Sdk/ndk/29.0.13113456/toolchains/llvm/prebuilt/linux-x86_64/bin/ld.lld" --sysroot=/home/danielekwere/Android/Sdk/ndk/29.0.13113456/toolchains/llvm/prebuilt/linux-x86_64/sysroot -z now -z relro -z max-page-size=16384 --hash-style=both --eh-frame-hdr -m elf_x86_64 -pie -dynamic-linker /system/bin/linker64 -o cmTC_86576 /home/danielekwere/Android/Sdk/ndk/29.0.13113456/toolchains/llvm/prebuilt/linux-x86_64/sysroot/usr/lib/x86_64-linux-android/21/crtbegin_dynamic.o -L/home/danielekwere/Android/Sdk/ndk/29.0.13113456/toolchains/llvm/prebuilt/linux-x86_64/lib/clang/20/lib/linux/x86_64 -L/home/danielekwere/Android/Sdk/ndk/29.0.13113456/toolchains/llvm/prebuilt/linux-x86_64/sysroot/usr/lib/x86_64-linux-android/21 -L/home/danielekwere/Android/Sdk/ndk/29.0.13113456/toolchains/llvm/prebuilt/linux-x86_64/sysroot/usr/lib/x86_64-linux-android -L/home/danielekwere/Android/Sdk/ndk/29.0.13113456/toolchains/llvm/prebuilt/linux-x86_64/sysroot/usr/lib -L/snap/flutter/current/usr/lib/gcc/x86_64-linux-gnu/9 -L/snap/flutter/current/usr/lib/x86_64-linux-gnu -L/snap/flutter/current/lib/x86_64-linux-gnu -L/snap/flutter/current/usr/lib --build-id=sha1 --no-rosegment --no-undefined-version --fatal-warnings --no-undefined CMakeFiles/cmTC_86576.dir/CMakeCXXCompilerABI.cpp.o -Bstatic -lc++ -Bdynamic -lm /home/danielekwere/Android/Sdk/ndk/29.0.13113456/toolchains/llvm/prebuilt/linux-x86_64/lib/clang/20/lib/linux/libclang_rt.builtins-x86_64-android.a -l:libunwind.a -ldl -lc /home/danielekwere/Android/Sdk/ndk/29.0.13113456/toolchains/llvm/prebuilt/linux-x86_64/lib/clang/20/lib/linux/libclang_rt.builtins-x86_64-android.a -l:libunwind.a -ldl /home/danielekwere/Android/Sdk/ndk/29.0.13113456/toolchains/llvm/prebuilt/linux-x86_64/sysroot/usr/lib/x86_64-linux-android/21/crtend_android.o



Parsed CXX implicit include dir info from above output: rv=done
  found start of include info
  found start of implicit include info
    add: [/snap/flutter/current/usr/include/x86_64-linux-gnu/c++/9]
    add: [/snap/flutter/current/usr/include/c++/9]
    add: [/snap/flutter/current/usr/include]
    add: [/snap/flutter/current/usr/include/x86_64-linux-gnu]
    add: [/home/danielekwere/Android/Sdk/ndk/29.0.13113456/toolchains/llvm/prebuilt/linux-x86_64/sysroot/usr/include/c++/v1]
    add: [/home/danielekwere/Android/Sdk/ndk/29.0.13113456/toolchains/llvm/prebuilt/linux-x86_64/lib/clang/20/include]
    add: [/home/danielekwere/Android/Sdk/ndk/29.0.13113456/toolchains/llvm/prebuilt/linux-x86_64/sysroot/usr/include/x86_64-linux-android]
    add: [/home/danielekwere/Android/Sdk/ndk/29.0.13113456/toolchains/llvm/prebuilt/linux-x86_64/sysroot/usr/include]
  end of search list found
  collapse include dir [/snap/flutter/current/usr/include/x86_64-linux-gnu/c++/9] ==> [/snap/flutter/current/usr/include/x86_64-linux-gnu/c++/9]
  collapse include dir [/snap/flutter/current/usr/include/c++/9] ==> [/snap/flutter/current/usr/include/c++/9]
  collapse include dir [/snap/flutter/current/usr/include] ==> [/snap/flutter/current/usr/include]
  collapse include dir [/snap/flutter/current/usr/include/x86_64-linux-gnu] ==> [/snap/flutter/current/usr/include/x86_64-linux-gnu]
  collapse include dir [/home/danielekwere/Android/Sdk/ndk/29.0.13113456/toolchains/llvm/prebuilt/linux-x86_64/sysroot/usr/include/c++/v1] ==> [/home/danielekwere/Android/Sdk/ndk/29.0.13113456/toolchains/llvm/prebuilt/linux-x86_64/sysroot/usr/include/c++/v1]
  collapse include dir [/home/danielekwere/Android/Sdk/ndk/29.0.13113456/toolchains/llvm/prebuilt/linux-x86_64/lib/clang/20/include] ==> [/home/danielekwere/Android/Sdk/ndk/29.0.13113456/toolchains/llvm/prebuilt/linux-x86_64/lib/clang/20/include]
  collapse include dir [/home/danielekwere/Android/Sdk/ndk/29.0.13113456/toolchains/llvm/prebuilt/linux-x86_64/sysroot/usr/include/x86_64-linux-android] ==> [/home/danielekwere/Android/Sdk/ndk/29.0.13113456/toolchains/llvm/prebuilt/linux-x86_64/sysroot/usr/include/x86_64-linux-android]
  collapse include dir [/home/danielekwere/Android/Sdk/ndk/29.0.13113456/toolchains/llvm/prebuilt/linux-x86_64/sysroot/usr/include] ==> [/home/danielekwere/Android/Sdk/ndk/29.0.13113456/toolchains/llvm/prebuilt/linux-x86_64/sysroot/usr/include]
  implicit include dirs: [/snap/flutter/current/usr/include/x86_64-linux-gnu/c++/9;/snap/flutter/current/usr/include/c++/9;/snap/flutter/current/usr/include;/snap/flutter/current/usr/include/x86_64-linux-gnu;/home/danielekwere/Android/Sdk/ndk/29.0.13113456/toolchains/llvm/prebuilt/linux-x86_64/sysroot/usr/include/c++/v1;/home/danielekwere/Android/Sdk/ndk/29.0.13113456/toolchains/llvm/prebuilt/linux-x86_64/lib/clang/20/include;/home/danielekwere/Android/Sdk/ndk/29.0.13113456/toolchains/llvm/prebuilt/linux-x86_64/sysroot/usr/include/x86_64-linux-android;/home/danielekwere/Android/Sdk/ndk/29.0.13113456/toolchains/llvm/prebuilt/linux-x86_64/sysroot/usr/include]


Parsed CXX implicit link information from above output:
  link line regex: [^( *|.*[/\])(ld\.lld|CMAKE_LINK_STARTFILE-NOTFOUND|([^/\]+-)?ld|collect2)[^/\]*( |$)]
  ignore line: [Change Dir: /home/danielekwere/Desktop/flutter projects/jaraMarket/JARA-Market-Vendor/Vendor-Dashboard/android/app/.cxx/Debug/2u1b6o6v/x86_64/CMakeFiles/CMakeTmp]
  ignore line: []
  ignore line: [Run Build Command(s):/home/danielekwere/Android/Sdk/cmake/3.22.1/bin/ninja cmTC_86576 && [1/2] Building CXX object CMakeFiles/cmTC_86576.dir/CMakeCXXCompilerABI.cpp.o]
  ignore line: [Android (13065274  +pgo  +bolt  +lto  +mlgo  based on r547379) clang version 20.0.0 (https://android.googlesource.com/toolchain/llvm-project b718bcaf8c198c82f3021447d943401e3ab5bd54)]
  ignore line: [Target: x86_64-none-linux-android21]
  ignore line: [Thread model: posix]
  ignore line: [InstalledDir: /home/danielekwere/Android/Sdk/ndk/29.0.13113456/toolchains/llvm/prebuilt/linux-x86_64/bin]
  ignore line: [ (in-process)]
  ignore line: [ "/home/danielekwere/Android/Sdk/ndk/29.0.13113456/toolchains/llvm/prebuilt/linux-x86_64/bin/clang++" -cc1 -triple x86_64-none-linux-android21 -emit-obj -disable-free -clear-ast-before-backend -disable-llvm-verifier -discard-value-names -main-file-name CMakeCXXCompilerABI.cpp -mrelocation-model pic -pic-level 2 -pic-is-pie -mframe-pointer=non-leaf -ffp-contract=on -fno-rounding-math -mconstructor-aliases -funwind-tables=2 -target-cpu x86-64 -target-feature +sse4.2 -target-feature +popcnt -target-feature +cx16 -tune-cpu generic -debug-info-kind=constructor -dwarf-version=4 -debugger-tuning=gdb "-fdebug-compilation-dir=/home/danielekwere/Desktop/flutter projects/jaraMarket/JARA-Market-Vendor/Vendor-Dashboard/android/app/.cxx/Debug/2u1b6o6v/x86_64/CMakeFiles/CMakeTmp" -v -ffunction-sections -fdata-sections "-fcoverage-compilation-dir=/home/danielekwere/Desktop/flutter projects/jaraMarket/JARA-Market-Vendor/Vendor-Dashboard/android/app/.cxx/Debug/2u1b6o6v/x86_64/CMakeFiles/CMakeTmp" -resource-dir /home/danielekwere/Android/Sdk/ndk/29.0.13113456/toolchains/llvm/prebuilt/linux-x86_64/lib/clang/20 -dependency-file CMakeFiles/cmTC_86576.dir/CMakeCXXCompilerABI.cpp.o.d -MT CMakeFiles/cmTC_86576.dir/CMakeCXXCompilerABI.cpp.o -sys-header-deps -D ANDROID -D _FORTIFY_SOURCE=2 -isysroot /home/danielekwere/Android/Sdk/ndk/29.0.13113456/toolchains/llvm/prebuilt/linux-x86_64/sysroot -cxx-isystem /snap/flutter/current/usr/include/x86_64-linux-gnu/c++/9 -cxx-isystem /snap/flutter/current/usr/include/c++/9 -cxx-isystem /snap/flutter/current/usr/include -cxx-isystem /snap/flutter/current/usr/include/x86_64-linux-gnu -cxx-isystem /snap/flutter/current/usr/include/c++/9 -internal-isystem /home/danielekwere/Android/Sdk/ndk/29.0.13113456/toolchains/llvm/prebuilt/linux-x86_64/sysroot/usr/include/c++/v1 -internal-isystem /home/danielekwere/Android/Sdk/ndk/29.0.13113456/toolchains/llvm/prebuilt/linux-x86_64/lib/clang/20/include -internal-isystem /home/danielekwere/Android/Sdk/ndk/29.0.13113456/toolchains/llvm/prebuilt/linux-x86_64/sysroot/usr/local/include -internal-externc-isystem /home/danielekwere/Android/Sdk/ndk/29.0.13113456/toolchains/llvm/prebuilt/linux-x86_64/sysroot/usr/include/x86_64-linux-android -internal-externc-isystem /home/danielekwere/Android/Sdk/ndk/29.0.13113456/toolchains/llvm/prebuilt/linux-x86_64/sysroot/include -internal-externc-isystem /home/danielekwere/Android/Sdk/ndk/29.0.13113456/toolchains/llvm/prebuilt/linux-x86_64/sysroot/usr/include -Wformat -fdeprecated-macro -ferror-limit 19 -femulated-tls -stack-protector 2 -fgnuc-version=4.2.1 -fskip-odr-check-in-gmf -fcxx-exceptions -fexceptions -D__GCC_HAVE_DWARF2_CFI_ASM=1 -o CMakeFiles/cmTC_86576.dir/CMakeCXXCompilerABI.cpp.o -x c++ /home/danielekwere/Android/Sdk/cmake/3.22.1/share/cmake-3.22/Modules/CMakeCXXCompilerABI.cpp]
  ignore line: [clang -cc1 version 20.0.0 based upon LLVM 20.0.0 default target x86_64-unknown-linux-gnu]
  ignore line: [ignoring nonexistent directory "/home/danielekwere/Android/Sdk/ndk/29.0.13113456/toolchains/llvm/prebuilt/linux-x86_64/sysroot/usr/local/include"]
  ignore line: [ignoring nonexistent directory "/home/danielekwere/Android/Sdk/ndk/29.0.13113456/toolchains/llvm/prebuilt/linux-x86_64/sysroot/include"]
  ignore line: [ignoring duplicate directory "/snap/flutter/current/usr/include/c++/9"]
  ignore line: [#include "..." search starts here:]
  ignore line: [#include <...> search starts here:]
  ignore line: [ /snap/flutter/current/usr/include/x86_64-linux-gnu/c++/9]
  ignore line: [ /snap/flutter/current/usr/include/c++/9]
  ignore line: [ /snap/flutter/current/usr/include]
  ignore line: [ /snap/flutter/current/usr/include/x86_64-linux-gnu]
  ignore line: [ /home/danielekwere/Android/Sdk/ndk/29.0.13113456/toolchains/llvm/prebuilt/linux-x86_64/sysroot/usr/include/c++/v1]
  ignore line: [ /home/danielekwere/Android/Sdk/ndk/29.0.13113456/toolchains/llvm/prebuilt/linux-x86_64/lib/clang/20/include]
  ignore line: [ /home/danielekwere/Android/Sdk/ndk/29.0.13113456/toolchains/llvm/prebuilt/linux-x86_64/sysroot/usr/include/x86_64-linux-android]
  ignore line: [ /home/danielekwere/Android/Sdk/ndk/29.0.13113456/toolchains/llvm/prebuilt/linux-x86_64/sysroot/usr/include]
  ignore line: [End of search list.]
  ignore line: [[2/2] Linking CXX executable cmTC_86576]
  ignore line: [Android (13065274  +pgo  +bolt  +lto  +mlgo  based on r547379) clang version 20.0.0 (https://android.googlesource.com/toolchain/llvm-project b718bcaf8c198c82f3021447d943401e3ab5bd54)]
  ignore line: [Target: x86_64-none-linux-android21]
  ignore line: [Thread model: posix]
  ignore line: [InstalledDir: /home/danielekwere/Android/Sdk/ndk/29.0.13113456/toolchains/llvm/prebuilt/linux-x86_64/bin]
  link line: [ "/home/danielekwere/Android/Sdk/ndk/29.0.13113456/toolchains/llvm/prebuilt/linux-x86_64/bin/ld.lld" --sysroot=/home/danielekwere/Android/Sdk/ndk/29.0.13113456/toolchains/llvm/prebuilt/linux-x86_64/sysroot -z now -z relro -z max-page-size=16384 --hash-style=both --eh-frame-hdr -m elf_x86_64 -pie -dynamic-linker /system/bin/linker64 -o cmTC_86576 /home/danielekwere/Android/Sdk/ndk/29.0.13113456/toolchains/llvm/prebuilt/linux-x86_64/sysroot/usr/lib/x86_64-linux-android/21/crtbegin_dynamic.o -L/home/danielekwere/Android/Sdk/ndk/29.0.13113456/toolchains/llvm/prebuilt/linux-x86_64/lib/clang/20/lib/linux/x86_64 -L/home/danielekwere/Android/Sdk/ndk/29.0.13113456/toolchains/llvm/prebuilt/linux-x86_64/sysroot/usr/lib/x86_64-linux-android/21 -L/home/danielekwere/Android/Sdk/ndk/29.0.13113456/toolchains/llvm/prebuilt/linux-x86_64/sysroot/usr/lib/x86_64-linux-android -L/home/danielekwere/Android/Sdk/ndk/29.0.13113456/toolchains/llvm/prebuilt/linux-x86_64/sysroot/usr/lib -L/snap/flutter/current/usr/lib/gcc/x86_64-linux-gnu/9 -L/snap/flutter/current/usr/lib/x86_64-linux-gnu -L/snap/flutter/current/lib/x86_64-linux-gnu -L/snap/flutter/current/usr/lib --build-id=sha1 --no-rosegment --no-undefined-version --fatal-warnings --no-undefined CMakeFiles/cmTC_86576.dir/CMakeCXXCompilerABI.cpp.o -Bstatic -lc++ -Bdynamic -lm /home/danielekwere/Android/Sdk/ndk/29.0.13113456/toolchains/llvm/prebuilt/linux-x86_64/lib/clang/20/lib/linux/libclang_rt.builtins-x86_64-android.a -l:libunwind.a -ldl -lc /home/danielekwere/Android/Sdk/ndk/29.0.13113456/toolchains/llvm/prebuilt/linux-x86_64/lib/clang/20/lib/linux/libclang_rt.builtins-x86_64-android.a -l:libunwind.a -ldl /home/danielekwere/Android/Sdk/ndk/29.0.13113456/toolchains/llvm/prebuilt/linux-x86_64/sysroot/usr/lib/x86_64-linux-android/21/crtend_android.o]
    arg [/home/danielekwere/Android/Sdk/ndk/29.0.13113456/toolchains/llvm/prebuilt/linux-x86_64/bin/ld.lld] ==> ignore
    arg [--sysroot=/home/danielekwere/Android/Sdk/ndk/29.0.13113456/toolchains/llvm/prebuilt/linux-x86_64/sysroot] ==> ignore
    arg [-znow] ==> ignore
    arg [-zrelro] ==> ignore
    arg [-zmax-page-size=16384] ==> ignore
    arg [--hash-style=both] ==> ignore
    arg [--eh-frame-hdr] ==> ignore
    arg [-m] ==> ignore
    arg [elf_x86_64] ==> ignore
    arg [-pie] ==> ignore
    arg [-dynamic-linker] ==> ignore
    arg [/system/bin/linker64] ==> ignore
    arg [-o] ==> ignore
    arg [cmTC_86576] ==> ignore
    arg [/home/danielekwere/Android/Sdk/ndk/29.0.13113456/toolchains/llvm/prebuilt/linux-x86_64/sysroot/usr/lib/x86_64-linux-android/21/crtbegin_dynamic.o] ==> obj [/home/danielekwere/Android/Sdk/ndk/29.0.13113456/toolchains/llvm/prebuilt/linux-x86_64/sysroot/usr/lib/x86_64-linux-android/21/crtbegin_dynamic.o]
    arg [-L/home/danielekwere/Android/Sdk/ndk/29.0.13113456/toolchains/llvm/prebuilt/linux-x86_64/lib/clang/20/lib/linux/x86_64] ==> dir [/home/danielekwere/Android/Sdk/ndk/29.0.13113456/toolchains/llvm/prebuilt/linux-x86_64/lib/clang/20/lib/linux/x86_64]
    arg [-L/home/danielekwere/Android/Sdk/ndk/29.0.13113456/toolchains/llvm/prebuilt/linux-x86_64/sysroot/usr/lib/x86_64-linux-android/21] ==> dir [/home/danielekwere/Android/Sdk/ndk/29.0.13113456/toolchains/llvm/prebuilt/linux-x86_64/sysroot/usr/lib/x86_64-linux-android/21]
    arg [-L/home/danielekwere/Android/Sdk/ndk/29.0.13113456/toolchains/llvm/prebuilt/linux-x86_64/sysroot/usr/lib/x86_64-linux-android] ==> dir [/home/danielekwere/Android/Sdk/ndk/29.0.13113456/toolchains/llvm/prebuilt/linux-x86_64/sysroot/usr/lib/x86_64-linux-android]
    arg [-L/home/danielekwere/Android/Sdk/ndk/29.0.13113456/toolchains/llvm/prebuilt/linux-x86_64/sysroot/usr/lib] ==> dir [/home/danielekwere/Android/Sdk/ndk/29.0.13113456/toolchains/llvm/prebuilt/linux-x86_64/sysroot/usr/lib]
    arg [-L/snap/flutter/current/usr/lib/gcc/x86_64-linux-gnu/9] ==> dir [/snap/flutter/current/usr/lib/gcc/x86_64-linux-gnu/9]
    arg [-L/snap/flutter/current/usr/lib/x86_64-linux-gnu] ==> dir [/snap/flutter/current/usr/lib/x86_64-linux-gnu]
    arg [-L/snap/flutter/current/lib/x86_64-linux-gnu] ==> dir [/snap/flutter/current/lib/x86_64-linux-gnu]
    arg [-L/snap/flutter/current/usr/lib] ==> dir [/snap/flutter/current/usr/lib]
    arg [--build-id=sha1] ==> ignore
    arg [--no-rosegment] ==> ignore
    arg [--no-undefined-version] ==> ignore
    arg [--fatal-warnings] ==> ignore
    arg [--no-undefined] ==> ignore
    arg [CMakeFiles/cmTC_86576.dir/CMakeCXXCompilerABI.cpp.o] ==> ignore
    arg [-Bstatic] ==> search static
    arg [-lc++] ==> lib [c++]
    arg [-Bdynamic] ==> search dynamic
    arg [-lm] ==> lib [m]
    arg [/home/danielekwere/Android/Sdk/ndk/29.0.13113456/toolchains/llvm/prebuilt/linux-x86_64/lib/clang/20/lib/linux/libclang_rt.builtins-x86_64-android.a] ==> lib [/home/danielekwere/Android/Sdk/ndk/29.0.13113456/toolchains/llvm/prebuilt/linux-x86_64/lib/clang/20/lib/linux/libclang_rt.builtins-x86_64-android.a]
    arg [-l:libunwind.a] ==> lib [-l:libunwind.a]
    arg [-ldl] ==> lib [dl]
    arg [-lc] ==> lib [c]
    arg [/home/danielekwere/Android/Sdk/ndk/29.0.13113456/toolchains/llvm/prebuilt/linux-x86_64/lib/clang/20/lib/linux/libclang_rt.builtins-x86_64-android.a] ==> lib [/home/danielekwere/Android/Sdk/ndk/29.0.13113456/toolchains/llvm/prebuilt/linux-x86_64/lib/clang/20/lib/linux/libclang_rt.builtins-x86_64-android.a]
    arg [-l:libunwind.a] ==> lib [-l:libunwind.a]
    arg [-ldl] ==> lib [dl]
    arg [/home/danielekwere/Android/Sdk/ndk/29.0.13113456/toolchains/llvm/prebuilt/linux-x86_64/sysroot/usr/lib/x86_64-linux-android/21/crtend_android.o] ==> obj [/home/danielekwere/Android/Sdk/ndk/29.0.13113456/toolchains/llvm/prebuilt/linux-x86_64/sysroot/usr/lib/x86_64-linux-android/21/crtend_android.o]
  remove lib [/home/danielekwere/Android/Sdk/ndk/29.0.13113456/toolchains/llvm/prebuilt/linux-x86_64/lib/clang/20/lib/linux/libclang_rt.builtins-x86_64-android.a]
  remove lib [/home/danielekwere/Android/Sdk/ndk/29.0.13113456/toolchains/llvm/prebuilt/linux-x86_64/lib/clang/20/lib/linux/libclang_rt.builtins-x86_64-android.a]
  collapse library dir [/home/danielekwere/Android/Sdk/ndk/29.0.13113456/toolchains/llvm/prebuilt/linux-x86_64/lib/clang/20/lib/linux/x86_64] ==> [/home/danielekwere/Android/Sdk/ndk/29.0.13113456/toolchains/llvm/prebuilt/linux-x86_64/lib/clang/20/lib/linux/x86_64]
  collapse library dir [/home/danielekwere/Android/Sdk/ndk/29.0.13113456/toolchains/llvm/prebuilt/linux-x86_64/sysroot/usr/lib/x86_64-linux-android/21] ==> [/home/danielekwere/Android/Sdk/ndk/29.0.13113456/toolchains/llvm/prebuilt/linux-x86_64/sysroot/usr/lib/x86_64-linux-android/21]
  collapse library dir [/home/danielekwere/Android/Sdk/ndk/29.0.13113456/toolchains/llvm/prebuilt/linux-x86_64/sysroot/usr/lib/x86_64-linux-android] ==> [/home/danielekwere/Android/Sdk/ndk/29.0.13113456/toolchains/llvm/prebuilt/linux-x86_64/sysroot/usr/lib/x86_64-linux-android]
  collapse library dir [/home/danielekwere/Android/Sdk/ndk/29.0.13113456/toolchains/llvm/prebuilt/linux-x86_64/sysroot/usr/lib] ==> [/home/danielekwere/Android/Sdk/ndk/29.0.13113456/toolchains/llvm/prebuilt/linux-x86_64/sysroot/usr/lib]
  collapse library dir [/snap/flutter/current/usr/lib/gcc/x86_64-linux-gnu/9] ==> [/snap/flutter/current/usr/lib/gcc/x86_64-linux-gnu/9]
  collapse library dir [/snap/flutter/current/usr/lib/x86_64-linux-gnu] ==> [/snap/flutter/current/usr/lib/x86_64-linux-gnu]
  collapse library dir [/snap/flutter/current/lib/x86_64-linux-gnu] ==> [/snap/flutter/current/lib/x86_64-linux-gnu]
  collapse library dir [/snap/flutter/current/usr/lib] ==> [/snap/flutter/current/usr/lib]
  implicit libs: [c++;m;-l:libunwind.a;dl;c;-l:libunwind.a;dl]
  implicit objs: [/home/danielekwere/Android/Sdk/ndk/29.0.13113456/toolchains/llvm/prebuilt/linux-x86_64/sysroot/usr/lib/x86_64-linux-android/21/crtbegin_dynamic.o;/home/danielekwere/Android/Sdk/ndk/29.0.13113456/toolchains/llvm/prebuilt/linux-x86_64/sysroot/usr/lib/x86_64-linux-android/21/crtend_android.o]
  implicit dirs: [/home/danielekwere/Android/Sdk/ndk/29.0.13113456/toolchains/llvm/prebuilt/linux-x86_64/lib/clang/20/lib/linux/x86_64;/home/danielekwere/Android/Sdk/ndk/29.0.13113456/toolchains/llvm/prebuilt/linux-x86_64/sysroot/usr/lib/x86_64-linux-android/21;/home/danielekwere/Android/Sdk/ndk/29.0.13113456/toolchains/llvm/prebuilt/linux-x86_64/sysroot/usr/lib/x86_64-linux-android;/home/danielekwere/Android/Sdk/ndk/29.0.13113456/toolchains/llvm/prebuilt/linux-x86_64/sysroot/usr/lib;/snap/flutter/current/usr/lib/gcc/x86_64-linux-gnu/9;/snap/flutter/current/usr/lib/x86_64-linux-gnu;/snap/flutter/current/lib/x86_64-linux-gnu;/snap/flutter/current/usr/lib]
  implicit fwks: []


